// Jest Snapshot v1, https://goo.gl/fbAQLP

exports[`Testing <SearchBar /> SearchBar have rendered correctly 1`] = `ShallowWrapper {}`;
